<frozen runpy>:128: RuntimeWarning: 'src.analysis.bifurcation.developmental_gain_maps' found in sys.modules after import of package 'src.analysis.bifurcation', but prior to execution of 'src.analysis.bifurcation.developmental_gain_maps'; this may result in unpredictable behaviour

######################################################################
  Processing: fixed_absolute
######################################################################

======================================================================
  Developmental Gain Maps - Computing All Stages (fixed_absolute)
======================================================================


[Fixed Absolute Range Mode]
  τ: [1.0, 28.0] ms
  σ: [0.1, 6.5]
  Grid resolution: 20×20 = 400 points per map


======================================================================
  Stage: P0
======================================================================

Stage parameters: τ_E = 15.0 ms, σ_E = 6.0
  Ratio ranges for this stage:
    τ_ratio: [0.067, 1.867]
    σ_ratio: [0.017, 1.083]

============================================================
Computing gain maps for P0
============================================================

Computing gain at exact preset parameters...
  Preset: k_crit = 0.000, max_gain = 26.154, flat = False

Scanning SST parameter space (20×20 = 400 points)...
  Progress: 0/20 tau ratios completed
  Progress: 5/20 tau ratios completed
  Progress: 10/20 tau ratios completed
  Progress: 15/20 tau ratios completed
  Completed SST scan!

Scanning PV parameter space (20×20 = 400 points)...
  Progress: 0/20 tau ratios completed
  Progress: 5/20 tau ratios completed
  Progress: 10/20 tau ratios completed
  Progress: 15/20 tau ratios completed
  Completed PV scan!

======================================================================
  Stage: P5
======================================================================

Stage parameters: τ_E = 14.0 ms, σ_E = 2.5
  Ratio ranges for this stage:
    τ_ratio: [0.071, 2.000]
    σ_ratio: [0.040, 2.600]

============================================================
Computing gain maps for P5
============================================================

Computing gain at exact preset parameters...
  Preset: k_crit = 1.000, max_gain = 100.000, flat = False

Scanning SST parameter space (20×20 = 400 points)...
  Progress: 0/20 tau ratios completed
  Progress: 5/20 tau ratios completed
  Progress: 10/20 tau ratios completed
  Progress: 15/20 tau ratios completed
  Completed SST scan!

Scanning PV parameter space (20×20 = 400 points)...
  Progress: 0/20 tau ratios completed
  Progress: 5/20 tau ratios completed
  Progress: 10/20 tau ratios completed
  Progress: 15/20 tau ratios completed
  Completed PV scan!

======================================================================
  Stage: P10
======================================================================

Stage parameters: τ_E = 7.0 ms, σ_E = 2.8
  Ratio ranges for this stage:
    τ_ratio: [0.143, 4.000]
    σ_ratio: [0.036, 2.321]

============================================================
Computing gain maps for P10
============================================================

Computing gain at exact preset parameters...
  Preset: k_crit = 0.000, max_gain = 80.955, flat = False

Scanning SST parameter space (20×20 = 400 points)...
  Progress: 0/20 tau ratios completed
  Progress: 5/20 tau ratios completed
  Progress: 10/20 tau ratios completed
  Progress: 15/20 tau ratios completed
  Completed SST scan!

Scanning PV parameter space (20×20 = 400 points)...
  Progress: 0/20 tau ratios completed
  Progress: 5/20 tau ratios completed
  Progress: 10/20 tau ratios completed
  Progress: 15/20 tau ratios completed
  Completed PV scan!

======================================================================
  Stage: P15
======================================================================

Stage parameters: τ_E = 9.0 ms, σ_E = 0.8
  Ratio ranges for this stage:
    τ_ratio: [0.111, 3.111]
    σ_ratio: [0.125, 8.125]

============================================================
Computing gain maps for P15
============================================================

Computing gain at exact preset parameters...
  Preset: k_crit = 0.000, max_gain = 100.000, flat = False

Scanning SST parameter space (20×20 = 400 points)...
  Progress: 0/20 tau ratios completed
  Progress: 5/20 tau ratios completed
  Progress: 10/20 tau ratios completed
  Progress: 15/20 tau ratios completed
  Completed SST scan!

Scanning PV parameter space (20×20 = 400 points)...
  Progress: 0/20 tau ratios completed
  Progress: 5/20 tau ratios completed
  Progress: 10/20 tau ratios completed
  Progress: 15/20 tau ratios completed
  Completed PV scan!

Results saved to: outputs/bifurcation/gain_results_fixed_absolute.pkl

======================================================================
  Computation complete for fixed_absolute!
======================================================================


Combined figure saved to: outputs/bifurcation/gain_maps_fixed_absolute.svg

======================================================================
  Visualization complete for fixed_absolute!
======================================================================

